// Jest Snapshot v1, https://goo.gl/fbAQLP

exports[`nested function using css 1`] = `
"
.css-rjz89s{color:blue;border:2px solid #000;background-color:red;padding:30px;}

<div class=\\"css-rjz89s\\"></div>
"
`;

exports[`nested function using css and keyframes 1`] = `
"
@-webkit-keyframes animation-ocj8pk{from,to{color:green;}50%{color:hotpink;}}
@keyframes animation-ocj8pk{from,to{color:green;}50%{color:hotpink;}}
.css-w4v1yx{-webkit-animation:animation-ocj8pk;animation:animation-ocj8pk;}

<div class=\\"css-w4v1yx\\"></div>
"
`;
